MAP
	INCLUDE "../../geomoose_globals.map"
	NAME 'state_basemap'

	WEB
		METADATA
			'ows_title' 'County'
			'ows_srs' 'EPSG:26915 EPSG:4326 EPSG:900913 EPSG:3857'
			'ows_enable_request' '*'
		END
	END

	LAYER # County Boundary Polygon Outline Layer
		NAME 'county_borders'
		STATUS ON

		METADATA
			'ows_title' 'County Boundaries'
			'ows_include_items' 'all'
			'gml_include_items' 'all'
		END

		TYPE POLYGON
		DATA './county'

		PROJECTION
			"init=epsg:26915"
		END

		MINSCALEDENOM 1000
		LABELMAXSCALEDENOM 2000000
		SYMBOLSCALEDENOM 200000

		LABELCACHE ON
		LABELITEM 'COUNTYNAME'

		CLASS
			NAME "County Boundary"
			STYLE
				WIDTH 3
				OUTLINECOLOR 210 210 210
			END
			LABEL
				TYPE TRUETYPE
				FONT vera_sans-bold
				FORCE TRUE
				MINSIZE 8
				SIZE 10
				MAXSIZE 12

				COLOR 0 0 0
				OUTLINECOLOR 232 232 232
				BUFFER 4
			END
			MAXSCALEDENOM 1000000
		END
		CLASS
			STYLE
				WIDTH 20
				OUTLINECOLOR 0 0 0
			END
			LABEL
				TYPE TRUETYPE
				FONT vera_sans-bold
				FORCE TRUE
				MINSIZE 8
				SIZE 10
				MAXSIZE 12

				COLOR 0 0 0
				OUTLINECOLOR 232 232 232
				BUFFER 4
			END
			MINSCALEDENOM 1000000
		END
		TEMPLATE 'dummy'
	END # County Boundary Polygon Layer

	LAYER # City Boundary Polygon Layer
		NAME city_poly
		STATUS ON

		METADATA
			'ows_title' 'City Boundaries'
			'ows_include_items' 'all'
			'gml_include_items' 'all'
		END


		TYPE POLYGON
		DATA './muni'

		PROJECTION
			"init=epsg:26915"
		END

		MINSCALEDENOM 1000
		MAXSCALEDENOM 1000000
		LABELMAXSCALEDENOM 100000

		LABELITEM 'MUNI_NAME'
		CLASS
			NAME 'Cities'
			EXPRESSION ("[MUN_ID]" ~ "..[135].*")
			STYLE
				COLOR "#A9B5A3"
			END
			LABEL
				TYPE TRUETYPE
				FONT vera_sans
				MAXSIZE 10
				MINSIZE 7
				ANTIALIAS TRUE
				COLOR 0 0 0
				OUTLINECOLOR 254 254 254
				BUFFER 2
			END
		END
		CLASS
			EXPRESSION ("[MUN_ID]" ~ "..[246].*")
			STYLE
				COLOR "#54B524"
			END
			LABEL
				TYPE TRUETYPE
				FONT vera_sans
				MAXSIZE 10
				MINSIZE 7
				ANTIALIAS TRUE
				COLOR 0 0 0
				OUTLINECOLOR 254 254 254
				BUFFER 2
			END
		END
		CLASS
			EXPRESSION ("[MUN_ID]" ~ "..[7890].*")
			STYLE
				COLOR "#6DB548"
			END
			LABEL
				TYPE TRUETYPE
				FONT vera_sans
				MAXSIZE 10
				MINSIZE 7
				ANTIALIAS TRUE
				COLOR 0 0 0
				OUTLINECOLOR 254 254 254
				BUFFER 2
			END
		END
		OPACITY 50
		TEMPLATE 'dummy'
	END # City Boundary Polygon Layer
END ## end Map