# Copyright (c) 2009-2014, Dan "Ducky" Little & GeoMOOSE.org

# Permission is hereby granted, free of charge, to any person obtaining a copy
# of this software and associated documentation files (the "Software"), to deal
# in the Software without restriction, including without limitation the rights
# to use, copy, modify, merge, publish, distribute, sublicense, and/or sell
# copies of the Software, and to permit persons to whom the Software is
# furnished to do so, subject to the following conditions:

# The above copyright notice and this permission notice shall be included in
# all copies or substantial portions of the Software.

# THE SOFTWARE IS PROVIDED "AS IS", WITHOUT WARRANTY OF ANY KIND, EXPRESS OR
# IMPLIED, INCLUDING BUT NOT LIMITED TO THE WARRANTIES OF MERCHANTABILITY,
# FITNESS FOR A PARTICULAR PURPOSE AND NONINFRINGEMENT. IN NO EVENT SHALL THE
# AUTHORS OR COPYRIGHT HOLDERS BE LIABLE FOR ANY CLAIM, DAMAGES OR OTHER
# LIABILITY, WHETHER IN AN ACTION OF CONTRACT, TORT OR OTHERWISE, ARISING FROM,
# OUT OF OR IN CONNECTION WITH THE SOFTWARE OR THE USE OR OTHER DEALINGS IN
# THE SOFTWARE.

MAP
	NAME 'utf8_polys'
	SIZE 800 650
	STATUS ON
	EXTENT  427632.500000 4893613.330000 560300.922104 5015936.680000

	UNITS METERS

	INCLUDE "../../geomoose_globals.map"

	WEB
		METADATA
			'ows_title' 'International Characters Testing Layer'
			'ows_srs' 'EPSG:26915 EPSG:4326 EPSG:900913 EPSG:3857'
			'ows_enable_request' '*'
			'ows_onlineresource' 'http://www.geomoose.org'
		END
	END

	PROJECTION
		'init=epsg:26915'
	END

	LEGEND
	      STATUS ON
	      LABEL
		TYPE TRUETYPE
		FONT vera_sans
		SIZE 8
		COLOR 0 0 0
	      END		
	END	
  
  	LAYER
		NAME testing 
		DATA './utf8_polys.shp'
		STATUS ON
		TYPE POLYGON
		LABELITEM 'name'
		LABELCACHE ON
		LABELMAXSCALE 20000

		CLASS
			NAME 'LanguageSquares'
			STYLE
				WIDTH 3
				COLOR -1 -1 -1
				# Big yellow outline, this should look ugly
				# because no one, realistically, should
				# be including this in an application.
				OUTLINECOLOR 255 255 0
			END

			LABEL
				TYPE TRUETYPE
				FONT vera_sans
				SIZE 8
				ANTIALIAS TRUE
				COLOR 0 0 0
				OUTLINECOLOR 254 254 200
				BUFFER 4
				MINFEATURESIZE auto
				PARTIALS FALSE
				POSITION cc
				ENCODING UTF-8
			END
		END



		METADATA
			# All 'record' entries will return a 
			# template that is easy for us to parse.
			'identify_record' 'utf8_test.html'
			'itemquery' 'utf8_test.html'
			'select_record' 'utf8_test.html'


			# mapserver filtering configuration.
			'itemquery-filter'	'/.*[qstring].*/i' 
			'qstring_validation_pattern' '.'
			
		END
		TOLERANCE 0

  	  END
  
END ## end Map

