MAP
	INCLUDE "../../geomoose_globals.map"

	WEB
		METADATA
			'ows_title' 'Parcel Maps'
		END
	END

	LAYER
		NAME parcels_poly
		GROUP parcels_group
		STATUS ON

		METADATA
			'ows_title' 'Parcel Polygons'
			'ows_include_items' 'all'
			'gml_include_items' 'all'
		END

		TYPE POLYGON
		DATA './parcels.shp'
		FILTER ([PARC_CODE] == 1)

		PROJECTION
			'init=epsg:26915'
		END

		LABELITEM 'PIN'
		LABELCACHE ON
		LABELMAXSCALE 20000

		CLASS
			NAME 'Parcels'
			STYLE
				WIDTH 3
				COLOR -1 -1 -1
				OUTLINECOLOR 93 181 53
				MAXSCALEDENOM 15000
			END
			STYLE
				SIZE 1
				COLOR -1 -1 -1
				OUTLINECOLOR 33 106 43
			END

			LABEL
				TYPE TRUETYPE
				FONT vera_sans
				SIZE 8
				ANTIALIAS TRUE
				COLOR 0 0 0
				OUTLINECOLOR 254 254 200
				BUFFER 4
				MINFEATURESIZE auto
				PARTIALS FALSE
				POSITION cc
			END
		END

		TEMPLATE 'dummy'
	END

	LAYER
		NAME parcels_points
		GROUP parcels_group
		STATUS ON

		METADATA
			'ows_title' 'Parcel Points'
			'ows_include_items' 'all'
			'gml_include_items' 'all'
		END

		TYPE POINT
		DATA './parcel_points.shp'

		PROJECTION
			'init=epsg:26915'
		END

		CLASS
			NAME 'Parcels Points'
			STYLE
				SYMBOL 'circle'
				SIZE 10
				COLOR 255 0 0
				OUTLINECOLOR 0 0 0
			END
		END

		TEMPLATE 'dummy'
	END

END ## end Map