# Copyright (c) 2009-2016, Dan "Ducky" Little & GeoMOOSE.org

# Permission is hereby granted, free of charge, to any person obtaining a copy
# of this software and associated documentation files (the "Software"), to deal
# in the Software without restriction, including without limitation the rights
# to use, copy, modify, merge, publish, distribute, sublicense, and/or sell
# copies of the Software, and to permit persons to whom the Software is
# furnished to do so, subject to the following conditions:

# The above copyright notice and this permission notice shall be included in
# all copies or substantial portions of the Software.

# THE SOFTWARE IS PROVIDED "AS IS", WITHOUT WARRANTY OF ANY KIND, EXPRESS OR
# IMPLIED, INCLUDING BUT NOT LIMITED TO THE WARRANTIES OF MERCHANTABILITY,
# FITNESS FOR A PARTICULAR PURPOSE AND NONINFRINGEMENT. IN NO EVENT SHALL THE
# AUTHORS OR COPYRIGHT HOLDERS BE LIABLE FOR ANY CLAIM, DAMAGES OR OTHER
# LIABILITY, WHETHER IN AN ACTION OF CONTRACT, TORT OR OTHERWISE, ARISING FROM,
# OUT OF OR IN CONNECTION WITH THE SOFTWARE OR THE USE OR OTHER DEALINGS IN
# THE SOFTWARE.

MAP
	INCLUDE "../../geomoose_globals.map"

	NAME 'pipelines'

	WEB
		METADATA
			'ows_title' 'Pipelines'
		END
	END

	LAYER
		NAME 'pipelines'
		STATUS ON

		METADATA
			"ows_title" "Pipelines"
			"ows_include_items" "all"
			"gml_include_items" "all"
		END

		TYPE LINE
		DATA './pipelines_blm.shp'

		PROJECTION
			'init=epsg:32165'
		END

		LABELITEM 'name'
		LABELCACHE ON
		LABELMAXSCALE 20000

		CLASS
			NAME 'Pipelines'
			STYLE
				WIDTH 3
				COLOR "#4894FF"
			END

			LABEL
				TYPE TRUETYPE
				FONT vera_sans
				SIZE 8
				ANTIALIAS TRUE
				COLOR 0 0 0
				OUTLINECOLOR 254 254 200
				BUFFER 4
				MINFEATURESIZE auto
				PARTIALS FALSE
				POSITION cc
			END
		END

		TEMPLATE 'dummy'
	END
END ## end Map